******************************************************************************
                  TI ARM Linker PC v20.2.7                     
******************************************************************************
>> Linked Tue Aug 27 23:55:07 2024

OUTPUT FILE NAME:   <AutosarBaseLine.out>
ENTRY POINT SYMBOL: "_c_int00_noargs"  address: 000010c1


MEMORY CONFIGURATION

         name            origin    length      used     unused   attr    fill
----------------------  --------  ---------  --------  --------  ----  --------
  FLASH                 00000000   00040000  000012d2  0003ed2e  R  X
  SRAM                  20000000   00008000  00000216  00007dea  RW X


SEGMENT ALLOCATION MAP

run origin  load origin   length   init length attrs members
----------  ----------- ---------- ----------- ----- -------
00000000    00000000    000012d8   000012d8    r-x
  00000000    00000000    0000026c   0000026c    r-- .intvecs
  0000026c    0000026c    00000eea   00000eea    r-x .text
  00001156    00001156    0000015c   0000015c    r-- .const
  000012b8    000012b8    00000020   00000020    r-- .cinit
20000000    20000000    00000216   00000000    rw-
  20000000    20000000    00000200   00000000    rw- .stack
  20000200    20000200    00000016   00000000    rw- .data


SECTION ALLOCATION MAP

 output                                  attributes/
section   page    origin      length       input sections
--------  ----  ----------  ----------   ----------------
.intvecs   0    00000000    0000026c     
                  00000000    0000026c     tm4c123gh6pm_startup_ccs.obj (.intvecs)

.text      0    0000026c    00000eea     
                  0000026c    000007c4     Port.obj (.text)
                  00000a30    0000030c     Dio.obj (.text)
                  00000d3c    000000a8     Os.obj (.text)
                  00000de4    0000009c     rtsv7M4_T_le_v4SPD16_eabi.lib : memcpy_t2.asm.obj (.text)
                  00000e80    0000007c     Button.obj (.text)
                  00000efc    0000007c     Gpt.obj (.text)
                  00000f78    00000068     rtsv7M4_T_le_v4SPD16_eabi.lib : copy_decompress_lzss.c.obj (.text:decompress:lzss:__TI_decompress_lzss)
                  00000fe0    0000005c     App.obj (.text)
                  0000103c    00000044     rtsv7M4_T_le_v4SPD16_eabi.lib : autoinit.c.obj (.text:__TI_auto_init_nobinit_nopinit:__TI_auto_init_nobinit_nopinit)
                  00001080    0000003e     Led.obj (.text)
                  000010be    00000002     --HOLE-- [fill = 0]
                  000010c0    00000034     rtsv7M4_T_le_v4SPD16_eabi.lib : boot_cortex_m.c.obj (.text:_c_int00_noargs:_c_int00_noargs)
                  000010f4    00000020     Mcu.obj (.text)
                  00001114    00000016     Det.obj (.text)
                  0000112a    0000000e     rtsv7M4_T_le_v4SPD16_eabi.lib : copy_decompress_none.c.obj (.text:decompress:none:__TI_decompress_none)
                  00001138    0000000c     tm4c123gh6pm_startup_ccs.obj (.text)
                  00001144    0000000a     main.obj (.text)
                  0000114e    00000004     rtsv7M4_T_le_v4SPD16_eabi.lib : pre_init.c.obj (.text:_system_pre_init)
                  00001152    00000004                                   : exit.c.obj (.text:abort:abort)

.const     0    00001156    0000015c     
                  00001156    00000158     Port_PBcfg.obj (.const:Port_Configuration)
                  000012ae    00000004     Dio_PBcfg.obj (.const:Dio_Configuration)

.cinit     0    000012b8    00000020     
                  000012b8    0000000e     (.cinit..data.load) [load image, compression = lzss]
                  000012c6    00000002     --HOLE-- [fill = 0]
                  000012c8    00000008     (__TI_handler_table)
                  000012d0    00000008     (__TI_cinit_table)

.init_array 
*          0    00000000    00000000     UNINITIALIZED

.data      0    20000200    00000016     UNINITIALIZED
                  20000200    00000005     Dio.obj (.data)
                  20000205    00000003     Button.obj (.data)
                  20000208    00000005     Port.obj (.data)
                  2000020d    00000002     App.obj (.data)
                  2000020f    00000001     --HOLE--
                  20000210    00000004     Gpt.obj (.data)
                  20000214    00000002     Os.obj (.data)

.stack     0    20000000    00000200     UNINITIALIZED
                  20000000    00000004     rtsv7M4_T_le_v4SPD16_eabi.lib : boot_cortex_m.c.obj (.stack)
                  20000004    000001fc     --HOLE--

__llvm_prf_cnts 
*          0    20000000    00000000     UNINITIALIZED

MODULE SUMMARY

       Module                         code   ro data   rw data
       ------                         ----   -------   -------
    .\
       Port.obj                       1988   0         5      
       Dio.obj                        780    0         5      
       tm4c123gh6pm_startup_ccs.obj   12     620       0      
       Port_PBcfg.obj                 0      344       0      
       Os.obj                         168    0         2      
       Gpt.obj                        124    0         4      
       Button.obj                     124    0         3      
       App.obj                        92     0         2      
       Led.obj                        62     0         0      
       Mcu.obj                        32     0         0      
       Det.obj                        22     0         0      
       main.obj                       10     0         0      
       Dio_PBcfg.obj                  0      4         0      
    +--+------------------------------+------+---------+---------+
       Total:                         3414   968       21     
                                                              
    C:\ti\ccs1271\ccs\tools\compiler\ti-cgt-arm_20.2.7.LTS\lib\rtsv7M4_T_le_v4SPD16_eabi.lib
       memcpy_t2.asm.obj              156    0         0      
       copy_decompress_lzss.c.obj     104    0         0      
       autoinit.c.obj                 68     0         0      
       boot_cortex_m.c.obj            52     0         0      
       copy_decompress_none.c.obj     14     0         0      
       exit.c.obj                     4      0         0      
       pre_init.c.obj                 4      0         0      
    +--+------------------------------+------+---------+---------+
       Total:                         402    0         0      
                                                              
       Stack:                         0      0         512    
       Linker Generated:              0      30        0      
    +--+------------------------------+------+---------+---------+
       Grand Total:                   3816   998       533    


LINKER GENERATED COPY TABLES

__TI_cinit_table @ 000012d0 records: 1, size/record: 8, table size: 8
	.data: load addr=000012b8, load size=0000000e bytes, run addr=20000200, run size=00000016 bytes, compression=lzss


LINKER GENERATED HANDLER TABLE

__TI_handler_table @ 000012c8 records: 2, size/record: 4, table size: 8
	index: 0, handler: __TI_decompress_lzss
	index: 1, handler: __TI_decompress_none


GLOBAL SYMBOLS: SORTED ALPHABETICALLY BY Name 

address   name                          
-------   ----                          
00001005  App_Task                      
00000e81  Button_GetState               
00000e87  Button_RefreshState           
00000ff5  Button_Task                   
00001153  C$$EXIT                       
00001115  Det_ReportError               
000012ae  Dio_Configuration             
00000c0f  Dio_FlipChannel               
00000a31  Dio_Init                      
00000b35  Dio_ReadChannel               
00000a55  Dio_WriteChannel              
00000fe1  Init_Task                     
00001099  Led_RefreshOutput             
0000108d  Led_SetOff                    
00001081  Led_SetOn                     
00000ffd  Led_Task                      
000010b1  Led_Toggle                    
000010f5  Mcu_Init                      
00000d57  Os_NewTimerTick               
00000d67  Os_Scheduler                  
00000d3d  Os_start                      
00001156  Port_Configuration            
000007ff  Port_GetVersionInfo           
0000026d  Port_Init                     
00000705  Port_RefreshPortDirection     
00000619  Port_SetPinDirection          
00000829  Port_SetPinMode               
00001139  ResetISR                      
00000efd  SysTick_Handler               
00000f55  SysTick_SetCallBack           
00000f0d  SysTick_Start                 
00000f4d  SysTick_Stop                  
20000200  __STACK_END                   
00000200  __STACK_SIZE                  
20000200  __STACK_TOP                   
000012d0  __TI_CINIT_Base               
000012d8  __TI_CINIT_Limit              
000012c8  __TI_Handler_Table_Base       
000012d0  __TI_Handler_Table_Limit      
0000103d  __TI_auto_init_nobinit_nopinit
00000f79  __TI_decompress_lzss          
0000112b  __TI_decompress_none          
ffffffff  __TI_pprof_out_hndl           
ffffffff  __TI_prof_data_size           
ffffffff  __TI_prof_data_start          
00000000  __TI_static_base__            
00000de5  __aeabi_memcpy                
00000de5  __aeabi_memcpy4               
00000de5  __aeabi_memcpy8               
ffffffff  __binit__                     
ffffffff  __c_args__                    
UNDEFED   __mpu_init                    
20000000  __stack                       
20000000  __start___llvm_prf_cnts       
20000000  __stop___llvm_prf_cnts        
000010c1  _c_int00_noargs               
UNDEFED   _system_post_cinit            
0000114f  _system_pre_init              
00001153  abort                         
ffffffff  binit                         
00000000  g_pfnVectors                  
00001145  main                          
00000de5  memcpy                        


GLOBAL SYMBOLS: SORTED BY Symbol Address 

address   name                          
-------   ----                          
00000000  __TI_static_base__            
00000000  g_pfnVectors                  
00000200  __STACK_SIZE                  
0000026d  Port_Init                     
00000619  Port_SetPinDirection          
00000705  Port_RefreshPortDirection     
000007ff  Port_GetVersionInfo           
00000829  Port_SetPinMode               
00000a31  Dio_Init                      
00000a55  Dio_WriteChannel              
00000b35  Dio_ReadChannel               
00000c0f  Dio_FlipChannel               
00000d3d  Os_start                      
00000d57  Os_NewTimerTick               
00000d67  Os_Scheduler                  
00000de5  __aeabi_memcpy                
00000de5  __aeabi_memcpy4               
00000de5  __aeabi_memcpy8               
00000de5  memcpy                        
00000e81  Button_GetState               
00000e87  Button_RefreshState           
00000efd  SysTick_Handler               
00000f0d  SysTick_Start                 
00000f4d  SysTick_Stop                  
00000f55  SysTick_SetCallBack           
00000f79  __TI_decompress_lzss          
00000fe1  Init_Task                     
00000ff5  Button_Task                   
00000ffd  Led_Task                      
00001005  App_Task                      
0000103d  __TI_auto_init_nobinit_nopinit
00001081  Led_SetOn                     
0000108d  Led_SetOff                    
00001099  Led_RefreshOutput             
000010b1  Led_Toggle                    
000010c1  _c_int00_noargs               
000010f5  Mcu_Init                      
00001115  Det_ReportError               
0000112b  __TI_decompress_none          
00001139  ResetISR                      
00001145  main                          
0000114f  _system_pre_init              
00001153  C$$EXIT                       
00001153  abort                         
00001156  Port_Configuration            
000012ae  Dio_Configuration             
000012c8  __TI_Handler_Table_Base       
000012d0  __TI_CINIT_Base               
000012d0  __TI_Handler_Table_Limit      
000012d8  __TI_CINIT_Limit              
20000000  __stack                       
20000000  __start___llvm_prf_cnts       
20000000  __stop___llvm_prf_cnts        
20000200  __STACK_END                   
20000200  __STACK_TOP                   
ffffffff  __TI_pprof_out_hndl           
ffffffff  __TI_prof_data_size           
ffffffff  __TI_prof_data_start          
ffffffff  __binit__                     
ffffffff  __c_args__                    
ffffffff  binit                         
UNDEFED   __mpu_init                    
UNDEFED   _system_post_cinit            

[63 symbols]
